::ffff:127.0.0.1 - - [09/Nov/2022:01:48:09 +0000] "GET / HTTP/1.1" 200 53 "-" "Mozilla/5.0 (Windows NT 10.0; Win64; x64; rv:106.0) Gecko/20100101 Firefox/106.0"
::ffff:127.0.0.1 - - [09/Nov/2022:01:48:09 +0000] "GET /favicon.ico HTTP/1.1" 404 150 "http://localhost:3000/" "Mozilla/5.0 (Windows NT 10.0; Win64; x64; rv:106.0) Gecko/20100101 Firefox/106.0"
::ffff:127.0.0.1 - - [09/Nov/2022:01:48:42 +0000] "GET / HTTP/1.1" 304 - "-" "Mozilla/5.0 (Windows NT 10.0; Win64; x64; rv:106.0) Gecko/20100101 Firefox/106.0"
::ffff:127.0.0.1 - - [09/Nov/2022:01:50:00 +0000] "GET / HTTP/1.1" 200 53 "-" "Mozilla/5.0 (Windows NT 10.0; Win64; x64; rv:106.0) Gecko/20100101 Firefox/106.0"
::ffff:127.0.0.1 - - [09/Nov/2022:01:50:01 +0000] "GET /favicon.ico HTTP/1.1" 404 150 "http://localhost:3000/" "Mozilla/5.0 (Windows NT 10.0; Win64; x64; rv:106.0) Gecko/20100101 Firefox/106.0"
::1 - - [09/Nov/2022:01:50:38 +0000] "GET / HTTP/1.1" 200 53 "-" "Mozilla/5.0 (Windows NT 10.0; Win64; x64) AppleWebKit/537.36 (KHTML, like Gecko) Chrome/107.0.0.0 Safari/537.36 Edg/107.0.1418.35"
::1 - - [09/Nov/2022:01:50:39 +0000] "GET /favicon.ico HTTP/1.1" 404 150 "http://localhost:3000/" "Mozilla/5.0 (Windows NT 10.0; Win64; x64) AppleWebKit/537.36 (KHTML, like Gecko) Chrome/107.0.0.0 Safari/537.36 Edg/107.0.1418.35"
::1 - - [09/Nov/2022:01:51:01 +0000] "GET /api/getLogs/1 HTTP/1.1" 200 85 "-" "Mozilla/5.0 (Windows NT 10.0; Win64; x64) AppleWebKit/537.36 (KHTML, like Gecko) Chrome/107.0.0.0 Safari/537.36 Edg/107.0.1418.35"
::1 - - [09/Nov/2022:01:51:11 +0000] "GET /api/getLogs/1 HTTP/1.1" 304 - "-" "Mozilla/5.0 (Windows NT 10.0; Win64; x64) AppleWebKit/537.36 (KHTML, like Gecko) Chrome/107.0.0.0 Safari/537.36 Edg/107.0.1418.35"
::ffff:127.0.0.1 - - [09/Nov/2022:01:52:50 +0000] "GET /api/getLogs/1 HTTP/1.1" 200 85 "-" "Mozilla/5.0 (Windows NT 10.0; Win64; x64; rv:106.0) Gecko/20100101 Firefox/106.0"
::1 - - [09/Nov/2022:01:53:36 +0000] "GET /api/getLogs/1 HTTP/1.1" 304 - "-" "Mozilla/5.0 (Windows NT 10.0; Win64; x64) AppleWebKit/537.36 (KHTML, like Gecko) Chrome/107.0.0.0 Safari/537.36 Edg/107.0.1418.35"
::1 - - [09/Nov/2022:01:53:46 +0000] "GET /api/getLogs/1 HTTP/1.1" 304 - "-" "Mozilla/5.0 (Windows NT 10.0; Win64; x64) AppleWebKit/537.36 (KHTML, like Gecko) Chrome/107.0.0.0 Safari/537.36 Edg/107.0.1418.35"
::1 - - [09/Nov/2022:01:53:48 +0000] "GET /api/getLogs/1 HTTP/1.1" 304 - "-" "Mozilla/5.0 (Windows NT 10.0; Win64; x64) AppleWebKit/537.36 (KHTML, like Gecko) Chrome/107.0.0.0 Safari/537.36 Edg/107.0.1418.35"
::ffff:127.0.0.1 - - [09/Nov/2022:01:53:54 +0000] "GET /api/getLogs/1 HTTP/1.1" 200 85 "-" "Mozilla/5.0 (Windows NT 10.0; Win64; x64; rv:106.0) Gecko/20100101 Firefox/106.0"
::ffff:127.0.0.1 - - [09/Nov/2022:01:54:47 +0000] "GET /api/insertLogs/1/16 HTTP/1.1" 200 69 "-" "Mozilla/5.0 (Windows NT 10.0; Win64; x64; rv:106.0) Gecko/20100101 Firefox/106.0"
::ffff:127.0.0.1 - - [09/Nov/2022:01:55:39 +0000] "GET /api/insertLogs/1/17 HTTP/1.1" 200 69 "-" "Mozilla/5.0 (Windows NT 10.0; Win64; x64; rv:106.0) Gecko/20100101 Firefox/106.0"
::1 - - [09/Nov/2022:01:57:37 +0000] "GET /api/getLogs/2 HTTP/1.1" 200 11 "-" "Mozilla/5.0 (Windows NT 10.0; Win64; x64) AppleWebKit/537.36 (KHTML, like Gecko) Chrome/107.0.0.0 Safari/537.36 Edg/107.0.1418.35"
::1 - - [09/Nov/2022:01:57:45 +0000] "GET /api/getLogs/0 HTTP/1.1" 200 11 "-" "Mozilla/5.0 (Windows NT 10.0; Win64; x64) AppleWebKit/537.36 (KHTML, like Gecko) Chrome/107.0.0.0 Safari/537.36 Edg/107.0.1418.35"
::1 - - [09/Nov/2022:01:57:48 +0000] "GET /api/getLogs/3 HTTP/1.1" 200 11 "-" "Mozilla/5.0 (Windows NT 10.0; Win64; x64) AppleWebKit/537.36 (KHTML, like Gecko) Chrome/107.0.0.0 Safari/537.36 Edg/107.0.1418.35"
::ffff:127.0.0.1 - - [09/Nov/2022:01:58:01 +0000] "GET /api/insertLogs/1 HTTP/1.1" 404 155 "-" "Mozilla/5.0 (Windows NT 10.0; Win64; x64; rv:106.0) Gecko/20100101 Firefox/106.0"
::ffff:127.0.0.1 - - [09/Nov/2022:01:58:16 +0000] "GET /api/getLogs/2 HTTP/1.1" 200 11 "-" "Mozilla/5.0 (Windows NT 10.0; Win64; x64; rv:106.0) Gecko/20100101 Firefox/106.0"
::ffff:127.0.0.1 - - [09/Nov/2022:01:58:19 +0000] "GET /api/getLogs/1 HTTP/1.1" 200 235 "-" "Mozilla/5.0 (Windows NT 10.0; Win64; x64; rv:106.0) Gecko/20100101 Firefox/106.0"
::ffff:10.22.165.240 - - [09/Nov/2022:02:01:25 +0000] "GET /api/getlogs/1 HTTP/1.1" 200 235 "-" "Mozilla/5.0 (Windows NT 10.0; Win64; x64) AppleWebKit/537.36 (KHTML, like Gecko) Chrome/105.0.0.0 Safari/537.36 OPR/91.0.4516.106 (Edition std-1)"
::ffff:10.22.165.240 - - [09/Nov/2022:02:01:25 +0000] "GET /favicon.ico HTTP/1.1" 404 150 "http://10.22.162.83:3000/api/getlogs/1" "Mozilla/5.0 (Windows NT 10.0; Win64; x64) AppleWebKit/537.36 (KHTML, like Gecko) Chrome/105.0.0.0 Safari/537.36 OPR/91.0.4516.106 (Edition std-1)"
::ffff:10.22.165.240 - - [09/Nov/2022:02:01:42 +0000] "GET /api/insertlogs/1/36 HTTP/1.1" 200 69 "-" "Mozilla/5.0 (Windows NT 10.0; Win64; x64) AppleWebKit/537.36 (KHTML, like Gecko) Chrome/105.0.0.0 Safari/537.36 OPR/91.0.4516.106 (Edition std-1)"
::ffff:127.0.0.1 - - [09/Nov/2022:02:01:43 +0000] "GET /api/getLogs/1 HTTP/1.1" 200 310 "-" "Mozilla/5.0 (Windows NT 10.0; Win64; x64; rv:106.0) Gecko/20100101 Firefox/106.0"
::ffff:127.0.0.1 - - [09/Nov/2022:02:14:44 +0000] "GET /api/getLogs/1 HTTP/1.1" 200 310 "-" "Mozilla/5.0 (Windows NT 10.0; Win64; x64; rv:106.0) Gecko/20100101 Firefox/106.0"
::ffff:127.0.0.1 - - [09/Nov/2022:02:14:47 +0000] "GET /api/getLogs/1 HTTP/1.1" 304 - "-" "Mozilla/5.0 (Windows NT 10.0; Win64; x64; rv:106.0) Gecko/20100101 Firefox/106.0"
::ffff:127.0.0.1 - - [09/Nov/2022:02:14:47 +0000] "GET /api/getLogs/1 HTTP/1.1" 304 - "-" "Mozilla/5.0 (Windows NT 10.0; Win64; x64; rv:106.0) Gecko/20100101 Firefox/106.0"
::ffff:127.0.0.1 - - [09/Nov/2022:02:14:48 +0000] "GET /api/getLogs/1 HTTP/1.1" 304 - "-" "Mozilla/5.0 (Windows NT 10.0; Win64; x64; rv:106.0) Gecko/20100101 Firefox/106.0"
::ffff:127.0.0.1 - - [09/Nov/2022:02:14:48 +0000] "GET /api/getLogs/1 HTTP/1.1" 304 - "-" "Mozilla/5.0 (Windows NT 10.0; Win64; x64; rv:106.0) Gecko/20100101 Firefox/106.0"
::ffff:127.0.0.1 - - [09/Nov/2022:02:14:49 +0000] "GET /api/getLogs/1 HTTP/1.1" 304 - "-" "Mozilla/5.0 (Windows NT 10.0; Win64; x64; rv:106.0) Gecko/20100101 Firefox/106.0"
::ffff:127.0.0.1 - - [09/Nov/2022:02:15:28 +0000] "GET /api/getLogs/1 HTTP/1.1" 304 - "-" "Mozilla/5.0 (Windows NT 10.0; Win64; x64; rv:106.0) Gecko/20100101 Firefox/106.0"
::ffff:127.0.0.1 - - [09/Nov/2022:02:15:29 +0000] "GET /api/getLogs/1 HTTP/1.1" 304 - "-" "Mozilla/5.0 (Windows NT 10.0; Win64; x64; rv:106.0) Gecko/20100101 Firefox/106.0"
::ffff:127.0.0.1 - - [09/Nov/2022:02:15:29 +0000] "GET /api/getLogs/1 HTTP/1.1" 304 - "-" "Mozilla/5.0 (Windows NT 10.0; Win64; x64; rv:106.0) Gecko/20100101 Firefox/106.0"
::ffff:127.0.0.1 - - [09/Nov/2022:02:15:30 +0000] "GET /api/getLogs/1 HTTP/1.1" 304 - "-" "Mozilla/5.0 (Windows NT 10.0; Win64; x64; rv:106.0) Gecko/20100101 Firefox/106.0"
::ffff:127.0.0.1 - - [09/Nov/2022:02:15:31 +0000] "GET /api/getLogs/1 HTTP/1.1" 304 - "-" "Mozilla/5.0 (Windows NT 10.0; Win64; x64; rv:106.0) Gecko/20100101 Firefox/106.0"
::ffff:127.0.0.1 - - [09/Nov/2022:02:15:32 +0000] "GET /api/getLogs/1 HTTP/1.1" 304 - "-" "Mozilla/5.0 (Windows NT 10.0; Win64; x64; rv:106.0) Gecko/20100101 Firefox/106.0"
::ffff:127.0.0.1 - - [09/Nov/2022:02:15:33 +0000] "GET /api/getLogs/1 HTTP/1.1" 304 - "-" "Mozilla/5.0 (Windows NT 10.0; Win64; x64; rv:106.0) Gecko/20100101 Firefox/106.0"
::ffff:10.22.245.139 - - [09/Nov/2022:02:16:02 +0000] "GET /api/getLogs/1/ HTTP/1.1" 200 310 "-" "ESP8266HTTPClient"
::ffff:10.22.245.139 - - [09/Nov/2022:02:16:03 +0000] "POST /api/logTemp/1/25.10 HTTP/1.1" 200 69 "-" "ESP8266HTTPClient"
::ffff:127.0.0.1 - - [09/Nov/2022:02:16:05 +0000] "GET /api/getLogs/1 HTTP/1.1" 200 387 "-" "Mozilla/5.0 (Windows NT 10.0; Win64; x64; rv:106.0) Gecko/20100101 Firefox/106.0"
::ffff:127.0.0.1 - - [09/Nov/2022:02:16:09 +0000] "GET /api/getLogs/1 HTTP/1.1" 304 - "-" "Mozilla/5.0 (Windows NT 10.0; Win64; x64; rv:106.0) Gecko/20100101 Firefox/106.0"
::ffff:127.0.0.1 - - [09/Nov/2022:02:16:10 +0000] "GET /api/getLogs/1 HTTP/1.1" 304 - "-" "Mozilla/5.0 (Windows NT 10.0; Win64; x64; rv:106.0) Gecko/20100101 Firefox/106.0"
::ffff:127.0.0.1 - - [09/Nov/2022:02:16:11 +0000] "GET /api/getLogs/1 HTTP/1.1" 304 - "-" "Mozilla/5.0 (Windows NT 10.0; Win64; x64; rv:106.0) Gecko/20100101 Firefox/106.0"
::ffff:127.0.0.1 - - [09/Nov/2022:02:16:16 +0000] "GET /api/getLogs/1 HTTP/1.1" 304 - "-" "Mozilla/5.0 (Windows NT 10.0; Win64; x64; rv:106.0) Gecko/20100101 Firefox/106.0"
::ffff:10.22.245.139 - - [09/Nov/2022:02:16:38 +0000] "GET /api/getLogs/1/ HTTP/1.1" 200 387 "-" "ESP8266HTTPClient"
::ffff:10.22.245.139 - - [09/Nov/2022:02:16:38 +0000] "POST /api/logTemp/1/25.10 HTTP/1.1" 200 69 "-" "ESP8266HTTPClient"
::ffff:127.0.0.1 - - [09/Nov/2022:02:16:41 +0000] "GET /api/getLogs/1 HTTP/1.1" 200 464 "-" "Mozilla/5.0 (Windows NT 10.0; Win64; x64; rv:106.0) Gecko/20100101 Firefox/106.0"
::ffff:10.22.245.139 - - [09/Nov/2022:02:17:12 +0000] "GET /api/getLogs/1/ HTTP/1.1" 200 464 "-" "ESP8266HTTPClient"
::ffff:10.22.245.139 - - [09/Nov/2022:02:17:13 +0000] "POST /api/logTemp/1/25.20 HTTP/1.1" 200 69 "-" "ESP8266HTTPClient"
::ffff:127.0.0.1 - - [09/Nov/2022:02:17:25 +0000] "GET /api/getLogs/1 HTTP/1.1" 200 541 "-" "Mozilla/5.0 (Windows NT 10.0; Win64; x64; rv:106.0) Gecko/20100101 Firefox/106.0"
::ffff:10.22.245.139 - - [09/Nov/2022:02:17:47 +0000] "GET /api/getLogs/1/ HTTP/1.1" 200 541 "-" "ESP8266HTTPClient"
::ffff:10.22.245.139 - - [09/Nov/2022:02:17:47 +0000] "POST /api/logTemp/1/25.30 HTTP/1.1" 200 69 "-" "ESP8266HTTPClient"
::ffff:127.0.0.1 - - [09/Nov/2022:02:18:03 +0000] "GET /api/getLogs/1 HTTP/1.1" 200 618 "-" "Mozilla/5.0 (Windows NT 10.0; Win64; x64; rv:106.0) Gecko/20100101 Firefox/106.0"
::ffff:10.22.245.139 - - [09/Nov/2022:02:18:22 +0000] "GET /api/getLogs/1/ HTTP/1.1" 200 618 "-" "ESP8266HTTPClient"
::ffff:10.22.245.139 - - [09/Nov/2022:02:18:22 +0000] "POST /api/logTemp/1/25.40 HTTP/1.1" 200 69 "-" "ESP8266HTTPClient"
::ffff:10.22.245.139 - - [09/Nov/2022:02:18:56 +0000] "GET /api/getLogs/1/ HTTP/1.1" 200 695 "-" "ESP8266HTTPClient"
::ffff:10.22.245.139 - - [09/Nov/2022:02:18:58 +0000] "POST /api/logTemp/1/25.30 HTTP/1.1" 200 69 "-" "ESP8266HTTPClient"
::ffff:127.0.0.1 - - [09/Nov/2022:02:19:07 +0000] "GET /api/getLogs/1 HTTP/1.1" 200 773 "-" "Mozilla/5.0 (Windows NT 10.0; Win64; x64; rv:106.0) Gecko/20100101 Firefox/106.0"
::ffff:10.22.245.139 - - [09/Nov/2022:02:19:32 +0000] "GET /api/getLogs/1/ HTTP/1.1" 200 773 "-" "ESP8266HTTPClient"
::ffff:10.22.245.139 - - [09/Nov/2022:02:19:33 +0000] "POST /api/logTemp/1/25.30 HTTP/1.1" 200 69 "-" "ESP8266HTTPClient"
::ffff:127.0.0.1 - - [09/Nov/2022:22:54:05 +0000] "GET /api/getLogs/2 HTTP/1.1" 304 - "-" "Mozilla/5.0 (Windows NT 10.0; Win64; x64; rv:106.0) Gecko/20100101 Firefox/106.0"
::ffff:127.0.0.1 - - [09/Nov/2022:22:54:09 +0000] "GET /api/getLogs/1 HTTP/1.1" 200 851 "-" "Mozilla/5.0 (Windows NT 10.0; Win64; x64; rv:106.0) Gecko/20100101 Firefox/106.0"
::ffff:127.0.0.1 - - [09/Nov/2022:23:22:14 +0000] "GET /api/getLogs/1 HTTP/1.1" 304 - "-" "Mozilla/5.0 (Windows NT 10.0; Win64; x64; rv:106.0) Gecko/20100101 Firefox/106.0"
::ffff:127.0.0.1 - - [09/Nov/2022:23:22:30 +0000] "GET /api/insertLogs/1/28.2 HTTP/1.1" 200 69 "-" "Mozilla/5.0 (Windows NT 10.0; Win64; x64; rv:106.0) Gecko/20100101 Firefox/106.0"
::ffff:127.0.0.1 - - [09/Nov/2022:23:22:39 +0000] "GET /api/getLogs/1 HTTP/1.1" 200 929 "-" "Mozilla/5.0 (Windows NT 10.0; Win64; x64; rv:106.0) Gecko/20100101 Firefox/106.0"
::ffff:127.0.0.1 - - [10/Nov/2022:00:46:49 +0000] "GET / HTTP/1.1" 304 - "-" "Mozilla/5.0 (Windows NT 10.0; Win64; x64; rv:106.0) Gecko/20100101 Firefox/106.0"
::ffff:10.22.184.164 - - [10/Nov/2022:00:47:24 +0000] "GET / HTTP/1.1" 200 53 "-" "Mozilla/5.0 (Windows NT 10.0; Win64; x64) AppleWebKit/537.36 (KHTML, like Gecko) Chrome/107.0.0.0 Safari/537.36 Edg/107.0.1418.35"
::ffff:10.22.184.164 - - [10/Nov/2022:00:47:24 +0000] "GET /favicon.ico HTTP/1.1" 404 150 "http://10.22.165.45:3000/" "Mozilla/5.0 (Windows NT 10.0; Win64; x64) AppleWebKit/537.36 (KHTML, like Gecko) Chrome/107.0.0.0 Safari/537.36 Edg/107.0.1418.35"
::ffff:10.22.184.164 - - [10/Nov/2022:00:47:33 +0000] "GET / HTTP/1.1" 304 - "-" "Mozilla/5.0 (Windows NT 10.0; Win64; x64) AppleWebKit/537.36 (KHTML, like Gecko) Chrome/107.0.0.0 Safari/537.36 Edg/107.0.1418.35"
::1 - - [10/Nov/2022:00:48:42 +0000] "PROPFIND /api/getLogs/1 HTTP/1.1" 404 157 "-" "Microsoft-WebDAV-MiniRedir/10.0.19045"
::1 - - [10/Nov/2022:00:48:42 +0000] "PROPFIND /api/getLogs/1 HTTP/1.1" 404 157 "-" "Microsoft-WebDAV-MiniRedir/10.0.19045"
::1 - - [10/Nov/2022:00:48:42 +0000] "PROPFIND /api/getLogs HTTP/1.1" 404 155 "-" "Microsoft-WebDAV-MiniRedir/10.0.19045"
::ffff:127.0.0.1 - - [10/Nov/2022:00:48:45 +0000] "GET /api/getLogs/1 HTTP/1.1" 304 - "-" "Mozilla/5.0 (Windows NT 10.0; Win64; x64; rv:106.0) Gecko/20100101 Firefox/106.0"
::ffff:10.22.184.164 - - [10/Nov/2022:00:50:04 +0000] "GET / HTTP/1.1" 304 - "-" "Mozilla/5.0 (Windows NT 10.0; Win64; x64) AppleWebKit/537.36 (KHTML, like Gecko) Chrome/107.0.0.0 Safari/537.36 Edg/107.0.1418.35"
::ffff:127.0.0.1 - - [11/Nov/2022:02:58:15 +0000] "GET /api/getLogs/1 HTTP/1.1" 200 929 "-" "Mozilla/5.0 (Windows NT 10.0; Win64; x64; rv:106.0) Gecko/20100101 Firefox/106.0"
::ffff:127.0.0.1 - - [11/Nov/2022:02:58:31 +0000] "GET /api/insertLogs/1/22 HTTP/1.1" 200 69 "-" "Mozilla/5.0 (Windows NT 10.0; Win64; x64; rv:106.0) Gecko/20100101 Firefox/106.0"
::ffff:127.0.0.1 - - [11/Nov/2022:02:58:39 +0000] "GET /api/getLogs/1 HTTP/1.1" 200 1005 "-" "Mozilla/5.0 (Windows NT 10.0; Win64; x64; rv:106.0) Gecko/20100101 Firefox/106.0"
::ffff:127.0.0.1 - - [16/Nov/2022:01:13:04 +0000] "GET /api/insertLogs/1/28.2 HTTP/1.1" 404 160 "-" "Mozilla/5.0 (Windows NT 10.0; Win64; x64; rv:107.0) Gecko/20100101 Firefox/107.0"
::ffff:127.0.0.1 - - [16/Nov/2022:01:13:16 +0000] "GET /api/getLogsTemp/1 HTTP/1.1" 200 1005 "-" "Mozilla/5.0 (Windows NT 10.0; Win64; x64; rv:107.0) Gecko/20100101 Firefox/107.0"
::ffff:127.0.0.1 - - [16/Nov/2022:01:13:22 +0000] "GET /api/getLogsHum/1 HTTP/1.1" 200 11 "-" "Mozilla/5.0 (Windows NT 10.0; Win64; x64; rv:107.0) Gecko/20100101 Firefox/107.0"
::ffff:127.0.0.1 - - [16/Nov/2022:01:13:35 +0000] "GET /api/insertLogsHum/1/32 HTTP/1.1" 404 161 "-" "Mozilla/5.0 (Windows NT 10.0; Win64; x64; rv:107.0) Gecko/20100101 Firefox/107.0"
::ffff:127.0.0.1 - - [16/Nov/2022:01:14:09 +0000] "GET /api/LogHum/1/32 HTTP/1.1" 404 154 "-" "Mozilla/5.0 (Windows NT 10.0; Win64; x64; rv:107.0) Gecko/20100101 Firefox/107.0"
::ffff:127.0.0.1 - - [16/Nov/2022:01:14:17 +0000] "GET /api/logHum/1/32 HTTP/1.1" 404 154 "-" "Mozilla/5.0 (Windows NT 10.0; Win64; x64; rv:107.0) Gecko/20100101 Firefox/107.0"
::ffff:127.0.0.1 - - [16/Nov/2022:01:14:59 +0000] "GET /api/insertLogsHum/1/32 HTTP/1.1" 404 161 "-" "Mozilla/5.0 (Windows NT 10.0; Win64; x64; rv:107.0) Gecko/20100101 Firefox/107.0"
::ffff:127.0.0.1 - - [16/Nov/2022:01:15:09 +0000] "GET /api/insertLogHum/1/32 HTTP/1.1" 404 160 "-" "Mozilla/5.0 (Windows NT 10.0; Win64; x64; rv:107.0) Gecko/20100101 Firefox/107.0"
::ffff:127.0.0.1 - - [16/Nov/2022:01:15:20 +0000] "GET /api/getLogs/1 HTTP/1.1" 404 152 "-" "Mozilla/5.0 (Windows NT 10.0; Win64; x64; rv:107.0) Gecko/20100101 Firefox/107.0"
::ffff:127.0.0.1 - - [16/Nov/2022:01:15:22 +0000] "GET /api/getLogsHum/1 HTTP/1.1" 304 - "-" "Mozilla/5.0 (Windows NT 10.0; Win64; x64; rv:107.0) Gecko/20100101 Firefox/107.0"
::ffff:127.0.0.1 - - [16/Nov/2022:01:15:29 +0000] "GET /api/getLogsTemp/1 HTTP/1.1" 304 - "-" "Mozilla/5.0 (Windows NT 10.0; Win64; x64; rv:107.0) Gecko/20100101 Firefox/107.0"
::ffff:127.0.0.1 - - [16/Nov/2022:01:15:32 +0000] "GET /api/getLogs/1 HTTP/1.1" 404 152 "-" "Mozilla/5.0 (Windows NT 10.0; Win64; x64; rv:107.0) Gecko/20100101 Firefox/107.0"
::ffff:127.0.0.1 - - [16/Nov/2022:01:16:16 +0000] "GET /api/logTemp/1/32 HTTP/1.1" 404 155 "-" "Mozilla/5.0 (Windows NT 10.0; Win64; x64; rv:107.0) Gecko/20100101 Firefox/107.0"
::ffff:127.0.0.1 - - [16/Nov/2022:01:16:21 +0000] "GET /api/logTemp/2/32 HTTP/1.1" 404 155 "-" "Mozilla/5.0 (Windows NT 10.0; Win64; x64; rv:107.0) Gecko/20100101 Firefox/107.0"
::ffff:127.0.0.1 - - [16/Nov/2022:01:17:13 +0000] "GET /api/insertLogs/2 HTTP/1.1" 404 155 "-" "Mozilla/5.0 (Windows NT 10.0; Win64; x64; rv:107.0) Gecko/20100101 Firefox/107.0"
::ffff:127.0.0.1 - - [16/Nov/2022:01:17:16 +0000] "GET /api/insertLogs/3 HTTP/1.1" 404 155 "-" "Mozilla/5.0 (Windows NT 10.0; Win64; x64; rv:107.0) Gecko/20100101 Firefox/107.0"
::ffff:127.0.0.1 - - [16/Nov/2022:01:17:18 +0000] "GET /api/insertLogs/3/2 HTTP/1.1" 404 157 "-" "Mozilla/5.0 (Windows NT 10.0; Win64; x64; rv:107.0) Gecko/20100101 Firefox/107.0"
::ffff:127.0.0.1 - - [16/Nov/2022:01:17:22 +0000] "GET /api/insertLogs/2/1 HTTP/1.1" 404 157 "-" "Mozilla/5.0 (Windows NT 10.0; Win64; x64; rv:107.0) Gecko/20100101 Firefox/107.0"
::ffff:127.0.0.1 - - [16/Nov/2022:01:17:25 +0000] "GET /api/insertLogs/2/19 HTTP/1.1" 404 158 "-" "Mozilla/5.0 (Windows NT 10.0; Win64; x64; rv:107.0) Gecko/20100101 Firefox/107.0"
::ffff:127.0.0.1 - - [16/Nov/2022:01:17:53 +0000] "GET /api/getDevices HTTP/1.1" 200 103 "-" "Mozilla/5.0 (Windows NT 10.0; Win64; x64; rv:107.0) Gecko/20100101 Firefox/107.0"
::ffff:127.0.0.1 - - [16/Nov/2022:01:18:14 +0000] "GET /api/addDevices/3 HTTP/1.1" 404 155 "-" "Mozilla/5.0 (Windows NT 10.0; Win64; x64; rv:107.0) Gecko/20100101 Firefox/107.0"
::ffff:127.0.0.1 - - [16/Nov/2022:01:18:39 +0000] "GET /api/addDevices/%22Sensor3%22 HTTP/1.1" 404 167 "-" "Mozilla/5.0 (Windows NT 10.0; Win64; x64; rv:107.0) Gecko/20100101 Firefox/107.0"
::ffff:127.0.0.1 - - [16/Nov/2022:01:18:43 +0000] "GET /api/addDevices/Sensor3 HTTP/1.1" 404 161 "-" "Mozilla/5.0 (Windows NT 10.0; Win64; x64; rv:107.0) Gecko/20100101 Firefox/107.0"
::ffff:127.0.0.1 - - [16/Nov/2022:01:18:49 +0000] "GET /api/getDevices HTTP/1.1" 304 - "-" "Mozilla/5.0 (Windows NT 10.0; Win64; x64; rv:107.0) Gecko/20100101 Firefox/107.0"
::ffff:127.0.0.1 - - [16/Nov/2022:01:22:44 +0000] "GET /api/getDevices/1 HTTP/1.1" 404 155 "-" "Mozilla/5.0 (Windows NT 10.0; Win64; x64; rv:107.0) Gecko/20100101 Firefox/107.0"
::ffff:127.0.0.1 - - [16/Nov/2022:01:22:46 +0000] "GET /api/getDevices/ HTTP/1.1" 200 103 "-" "Mozilla/5.0 (Windows NT 10.0; Win64; x64; rv:107.0) Gecko/20100101 Firefox/107.0"
::ffff:127.0.0.1 - - [16/Nov/2022:01:23:18 +0000] "GET /api/logHum/1/43 HTTP/1.1" 404 154 "-" "Mozilla/5.0 (Windows NT 10.0; Win64; x64; rv:107.0) Gecko/20100101 Firefox/107.0"
::ffff:127.0.0.1 - - [16/Nov/2022:01:23:42 +0000] "GET /api/logHum/1/:43 HTTP/1.1" 404 155 "-" "Mozilla/5.0 (Windows NT 10.0; Win64; x64; rv:107.0) Gecko/20100101 Firefox/107.0"
::ffff:127.0.0.1 - - [16/Nov/2022:01:23:46 +0000] "GET /api/logHum/1/43 HTTP/1.1" 404 154 "-" "Mozilla/5.0 (Windows NT 10.0; Win64; x64; rv:107.0) Gecko/20100101 Firefox/107.0"
::ffff:127.0.0.1 - - [16/Nov/2022:01:23:49 +0000] "GET /api/logHum/1/ HTTP/1.1" 404 152 "-" "Mozilla/5.0 (Windows NT 10.0; Win64; x64; rv:107.0) Gecko/20100101 Firefox/107.0"
::ffff:127.0.0.1 - - [16/Nov/2022:01:23:53 +0000] "GET /api/logHum/1/:43 HTTP/1.1" 404 155 "-" "Mozilla/5.0 (Windows NT 10.0; Win64; x64; rv:107.0) Gecko/20100101 Firefox/107.0"
::ffff:127.0.0.1 - - [16/Nov/2022:01:24:50 +0000] "GET /api/getDevices/1/ HTTP/1.1" 404 156 "-" "Mozilla/5.0 (Windows NT 10.0; Win64; x64; rv:107.0) Gecko/20100101 Firefox/107.0"
::ffff:127.0.0.1 - - [16/Nov/2022:01:24:52 +0000] "GET /api/getDevices HTTP/1.1" 304 - "-" "Mozilla/5.0 (Windows NT 10.0; Win64; x64; rv:107.0) Gecko/20100101 Firefox/107.0"
::ffff:127.0.0.1 - - [16/Nov/2022:01:25:01 +0000] "GET /api/getHum HTTP/1.1" 404 149 "-" "Mozilla/5.0 (Windows NT 10.0; Win64; x64; rv:107.0) Gecko/20100101 Firefox/107.0"
::ffff:127.0.0.1 - - [16/Nov/2022:01:25:04 +0000] "GET /api/getLogsHum HTTP/1.1" 404 153 "-" "Mozilla/5.0 (Windows NT 10.0; Win64; x64; rv:107.0) Gecko/20100101 Firefox/107.0"
::ffff:127.0.0.1 - - [16/Nov/2022:01:25:07 +0000] "GET /api/getLogHum HTTP/1.1" 404 152 "-" "Mozilla/5.0 (Windows NT 10.0; Win64; x64; rv:107.0) Gecko/20100101 Firefox/107.0"
::ffff:127.0.0.1 - - [16/Nov/2022:01:25:22 +0000] "GET /api/getLosgsHum HTTP/1.1" 404 154 "-" "Mozilla/5.0 (Windows NT 10.0; Win64; x64; rv:107.0) Gecko/20100101 Firefox/107.0"
::ffff:127.0.0.1 - - [16/Nov/2022:01:25:24 +0000] "GET /api/getLosgsHum HTTP/1.1" 404 154 "-" "Mozilla/5.0 (Windows NT 10.0; Win64; x64; rv:107.0) Gecko/20100101 Firefox/107.0"
::ffff:127.0.0.1 - - [16/Nov/2022:01:25:27 +0000] "GET /api/getLogsHum HTTP/1.1" 404 153 "-" "Mozilla/5.0 (Windows NT 10.0; Win64; x64; rv:107.0) Gecko/20100101 Firefox/107.0"
::ffff:127.0.0.1 - - [16/Nov/2022:01:25:29 +0000] "GET /api/getLogsHum/ HTTP/1.1" 404 154 "-" "Mozilla/5.0 (Windows NT 10.0; Win64; x64; rv:107.0) Gecko/20100101 Firefox/107.0"
::ffff:127.0.0.1 - - [16/Nov/2022:01:25:30 +0000] "GET /api/getLogsHum/1 HTTP/1.1" 304 - "-" "Mozilla/5.0 (Windows NT 10.0; Win64; x64; rv:107.0) Gecko/20100101 Firefox/107.0"
::ffff:127.0.0.1 - - [16/Nov/2022:01:25:41 +0000] "GET /api/getLogsTemp/1 HTTP/1.1" 304 - "-" "Mozilla/5.0 (Windows NT 10.0; Win64; x64; rv:107.0) Gecko/20100101 Firefox/107.0"
::ffff:127.0.0.1 - - [16/Nov/2022:01:26:01 +0000] "GET /api/logHum/1/43 HTTP/1.1" 404 154 "-" "Mozilla/5.0 (Windows NT 10.0; Win64; x64; rv:107.0) Gecko/20100101 Firefox/107.0"
::ffff:127.0.0.1 - - [16/Nov/2022:01:26:41 +0000] "GET /api/logTemp/1/32 HTTP/1.1" 404 155 "-" "Mozilla/5.0 (Windows NT 10.0; Win64; x64; rv:107.0) Gecko/20100101 Firefox/107.0"
::ffff:127.0.0.1 - - [16/Nov/2022:01:30:20 +0000] "GET /api/getLogsHum/1 HTTP/1.1" 200 84 "-" "Mozilla/5.0 (Windows NT 10.0; Win64; x64; rv:107.0) Gecko/20100101 Firefox/107.0"
::ffff:127.0.0.1 - - [16/Nov/2022:05:10:00 +0000] "GET /api/getLogs/1 HTTP/1.1" 404 152 "-" "Mozilla/5.0 (Windows NT 10.0; Win64; x64; rv:107.0) Gecko/20100101 Firefox/107.0"
::ffff:127.0.0.1 - - [16/Nov/2022:05:10:07 +0000] "GET /api/getLogsTemp/1 HTTP/1.1" 200 1005 "-" "Mozilla/5.0 (Windows NT 10.0; Win64; x64; rv:107.0) Gecko/20100101 Firefox/107.0"
::ffff:127.0.0.1 - - [16/Nov/2022:05:11:54 +0000] "GET /api/logTemp/2/43 HTTP/1.1" 404 155 "-" "Mozilla/5.0 (Windows NT 10.0; Win64; x64; rv:107.0) Gecko/20100101 Firefox/107.0"
::ffff:127.0.0.1 - - [16/Nov/2022:22:06:56 +0000] "GET /api/getLogs/1 HTTP/1.1" 404 152 "-" "Mozilla/5.0 (Windows NT 10.0; Win64; x64; rv:107.0) Gecko/20100101 Firefox/107.0"
::ffff:127.0.0.1 - - [16/Nov/2022:22:17:42 +0000] "GET /api/getLogsTemp/1 HTTP/1.1" 304 - "-" "Mozilla/5.0 (Windows NT 10.0; Win64; x64; rv:107.0) Gecko/20100101 Firefox/107.0"
::ffff:127.0.0.1 - - [16/Nov/2022:22:17:56 +0000] "GET /api/getLogsHum/1 HTTP/1.1" 304 - "-" "Mozilla/5.0 (Windows NT 10.0; Win64; x64; rv:107.0) Gecko/20100101 Firefox/107.0"
::ffff:127.0.0.1 - - [16/Nov/2022:22:18:00 +0000] "GET /api/getLogsMov/1 HTTP/1.1" 200 156 "-" "Mozilla/5.0 (Windows NT 10.0; Win64; x64; rv:107.0) Gecko/20100101 Firefox/107.0"
::ffff:127.0.0.1 - - [16/Nov/2022:22:18:10 +0000] "GET /api/getLogsDis/1 HTTP/1.1" 200 382 "-" "Mozilla/5.0 (Windows NT 10.0; Win64; x64; rv:107.0) Gecko/20100101 Firefox/107.0"
::ffff:127.0.0.1 - - [16/Nov/2022:22:19:13 +0000] "GET /api/logMov/1/1 HTTP/1.1" 404 153 "-" "Mozilla/5.0 (Windows NT 10.0; Win64; x64; rv:107.0) Gecko/20100101 Firefox/107.0"
::ffff:127.0.0.1 - - [16/Nov/2022:23:05:16 +0000] "GET /api/getLogsHum/1 HTTP/1.1" 304 - "-" "Mozilla/5.0 (Windows NT 10.0; Win64; x64; rv:107.0) Gecko/20100101 Firefox/107.0"
::ffff:127.0.0.1 - - [16/Nov/2022:23:05:23 +0000] "GET /api/getLogsMov/1 HTTP/1.1" 304 - "-" "Mozilla/5.0 (Windows NT 10.0; Win64; x64; rv:107.0) Gecko/20100101 Firefox/107.0"
::ffff:127.0.0.1 - - [16/Nov/2022:23:05:31 +0000] "GET /api/getLogsDis/1 HTTP/1.1" 304 - "-" "Mozilla/5.0 (Windows NT 10.0; Win64; x64; rv:107.0) Gecko/20100101 Firefox/107.0"
::ffff:127.0.0.1 - - [16/Nov/2022:23:10:12 +0000] "GET /api/getLogsMov/1 HTTP/1.1" 304 - "-" "Mozilla/5.0 (Windows NT 10.0; Win64; x64; rv:107.0) Gecko/20100101 Firefox/107.0"
::ffff:127.0.0.1 - - [16/Nov/2022:23:10:16 +0000] "GET /api/getLogsDis/1 HTTP/1.1" 304 - "-" "Mozilla/5.0 (Windows NT 10.0; Win64; x64; rv:107.0) Gecko/20100101 Firefox/107.0"
::ffff:127.0.0.1 - - [16/Nov/2022:23:10:30 +0000] "GET /api/logMov/1/1 HTTP/1.1" 404 153 "-" "Mozilla/5.0 (Windows NT 10.0; Win64; x64; rv:107.0) Gecko/20100101 Firefox/107.0"
::ffff:127.0.0.1 - - [17/Nov/2022:01:00:48 +0000] "GET /api/getLogsMov/1 HTTP/1.1" 304 - "-" "Mozilla/5.0 (Windows NT 10.0; Win64; x64; rv:107.0) Gecko/20100101 Firefox/107.0"
::ffff:127.0.0.1 - - [17/Nov/2022:02:32:05 +0000] "GET /api/getLogsHum/1 HTTP/1.1" 304 - "-" "Mozilla/5.0 (Windows NT 10.0; Win64; x64; rv:107.0) Gecko/20100101 Firefox/107.0"
::ffff:127.0.0.1 - - [17/Nov/2022:02:32:14 +0000] "GET /api/getLogsDis/1 HTTP/1.1" 304 - "-" "Mozilla/5.0 (Windows NT 10.0; Win64; x64; rv:107.0) Gecko/20100101 Firefox/107.0"
::ffff:10.22.245.139 - - [17/Nov/2022:02:57:34 +0000] "POST /api/logTemp/1/23.40 HTTP/1.1" 200 69 "-" "ESP8266HTTPClient"
::ffff:10.22.245.139 - - [17/Nov/2022:02:57:34 +0000] "POST /api/logHum/1/32.00 HTTP/1.1" 200 68 "-" "ESP8266HTTPClient"
::ffff:10.22.245.139 - - [17/Nov/2022:02:57:34 +0000] "POST /api/logMov/1/1 HTTP/1.1" 200 68 "-" "ESP8266HTTPClient"
::ffff:10.22.245.139 - - [17/Nov/2022:02:57:34 +0000] "POST /api/logDis/1/1/44.02/234 HTTP/1.1" 404 164 "-" "ESP8266HTTPClient"
::ffff:10.22.245.139 - - [17/Nov/2022:02:58:28 +0000] "POST /api/logTemp/1/23.40 HTTP/1.1" 200 69 "-" "ESP8266HTTPClient"
::ffff:10.22.245.139 - - [17/Nov/2022:02:58:28 +0000] "POST /api/logHum/1/32.00 HTTP/1.1" 200 68 "-" "ESP8266HTTPClient"
::ffff:10.22.245.139 - - [17/Nov/2022:02:58:28 +0000] "POST /api/logMov/1/1 HTTP/1.1" 200 68 "-" "ESP8266HTTPClient"
::ffff:10.22.245.139 - - [17/Nov/2022:02:58:28 +0000] "POST /api/logDis/1/1/44.42/236 HTTP/1.1" 404 164 "-" "ESP8266HTTPClient"
::ffff:127.0.0.1 - - [17/Nov/2022:03:49:30 +0000] "GET /api/getLogsDis/1 HTTP/1.1" 304 - "-" "Mozilla/5.0 (Windows NT 10.0; Win64; x64; rv:107.0) Gecko/20100101 Firefox/107.0"
::ffff:127.0.0.1 - - [17/Nov/2022:03:49:32 +0000] "GET /api/getLogsDis/1 HTTP/1.1" 304 - "-" "Mozilla/5.0 (Windows NT 10.0; Win64; x64; rv:107.0) Gecko/20100101 Firefox/107.0"
::ffff:127.0.0.1 - - [17/Nov/2022:03:49:38 +0000] "GET /api/getLogsMov/1 HTTP/1.1" 200 302 "-" "Mozilla/5.0 (Windows NT 10.0; Win64; x64; rv:107.0) Gecko/20100101 Firefox/107.0"
::ffff:10.22.245.139 - - [17/Nov/2022:19:29:14 +0000] "POST /api/logTemp/1/17.40 HTTP/1.1" 200 69 "-" "ESP8266HTTPClient"
::ffff:10.22.245.139 - - [17/Nov/2022:19:29:14 +0000] "POST /api/logHum/1/63.00 HTTP/1.1" 200 68 "-" "ESP8266HTTPClient"
::ffff:10.22.245.139 - - [17/Nov/2022:19:29:14 +0000] "POST /api/logMov/1/1 HTTP/1.1" 200 68 "-" "ESP8266HTTPClient"
::ffff:10.22.245.139 - - [17/Nov/2022:19:29:14 +0000] "POST /api/logDis/1/1/6.24/33 HTTP/1.1" 404 162 "-" "ESP8266HTTPClient"
::ffff:10.22.245.139 - - [17/Nov/2022:19:34:28 +0000] "POST /api/logTemp/1/19.90 HTTP/1.1" 200 69 "-" "ESP8266HTTPClient"
::ffff:10.22.245.139 - - [17/Nov/2022:19:34:30 +0000] "POST /api/logHum/1/51.00 HTTP/1.1" 200 68 "-" "ESP8266HTTPClient"
::ffff:10.22.245.139 - - [17/Nov/2022:19:34:32 +0000] "POST /api/logMov/1/1 HTTP/1.1" 200 68 "-" "ESP8266HTTPClient"
::ffff:10.22.245.139 - - [17/Nov/2022:19:34:32 +0000] "POST /api/logDis/1/1/5.36/28 HTTP/1.1" 404 162 "-" "ESP8266HTTPClient"
::ffff:10.22.245.139 - - [17/Nov/2022:19:35:23 +0000] "POST /api/logTemp/1/19.90 HTTP/1.1" 200 69 "-" "ESP8266HTTPClient"
::ffff:10.22.245.139 - - [17/Nov/2022:19:35:24 +0000] "POST /api/logHum/1/51.00 HTTP/1.1" 200 68 "-" "ESP8266HTTPClient"
::ffff:10.22.245.139 - - [17/Nov/2022:19:35:31 +0000] "POST /api/logDis/1/1/5.36/28 HTTP/1.1" 404 162 "-" "ESP8266HTTPClient"
::ffff:10.22.245.139 - - [17/Nov/2022:19:36:42 +0000] "POST /api/logTemp/1/20.10 HTTP/1.1" 200 69 "-" "ESP8266HTTPClient"
::ffff:10.22.245.139 - - [17/Nov/2022:19:36:42 +0000] "POST /api/logHum/1/51.00 HTTP/1.1" 200 68 "-" "ESP8266HTTPClient"
::ffff:10.22.245.139 - - [17/Nov/2022:19:36:42 +0000] "POST /api/logMov/1/1 HTTP/1.1" 200 68 "-" "ESP8266HTTPClient"
::ffff:10.22.245.139 - - [17/Nov/2022:19:36:43 +0000] "POST /api/logDis/1/1/5.36/28 HTTP/1.1" 404 162 "-" "ESP8266HTTPClient"
::ffff:10.22.245.139 - - [17/Nov/2022:19:37:25 +0000] "POST /api/logTemp/1/20.20 HTTP/1.1" 200 69 "-" "ESP8266HTTPClient"
::ffff:10.22.245.139 - - [17/Nov/2022:19:37:25 +0000] "POST /api/logHum/1/50.00 HTTP/1.1" 200 68 "-" "ESP8266HTTPClient"
::ffff:10.22.245.139 - - [17/Nov/2022:19:37:26 +0000] "POST /api/logMov/1/1 HTTP/1.1" 200 68 "-" "ESP8266HTTPClient"
::ffff:10.22.245.139 - - [17/Nov/2022:19:37:26 +0000] "POST /api/logDis/1/1/5.37/28 HTTP/1.1" 404 162 "-" "ESP8266HTTPClient"
::ffff:10.22.245.139 - - [17/Nov/2022:19:38:34 +0000] "POST /api/logTemp/1/20.30 HTTP/1.1" 200 69 "-" "ESP8266HTTPClient"
::ffff:10.22.245.139 - - [17/Nov/2022:19:38:34 +0000] "POST /api/logHum/1/50.00 HTTP/1.1" 200 68 "-" "ESP8266HTTPClient"
::ffff:10.22.245.139 - - [17/Nov/2022:19:38:35 +0000] "POST /api/logMov/1/1 HTTP/1.1" 200 68 "-" "ESP8266HTTPClient"
::ffff:10.22.245.139 - - [17/Nov/2022:19:38:35 +0000] "POST /api/logDis/1/1/5.36/28 HTTP/1.1" 404 162 "-" "ESP8266HTTPClient"
::ffff:10.22.245.139 - - [17/Nov/2022:20:06:19 +0000] "POST /api/logTemp/1/21.10 HTTP/1.1" 200 69 "-" "ESP8266HTTPClient"
::ffff:10.22.245.139 - - [17/Nov/2022:20:06:20 +0000] "POST /api/logHum/1/47.00 HTTP/1.1" 200 68 "-" "ESP8266HTTPClient"
::ffff:10.22.245.139 - - [17/Nov/2022:20:06:20 +0000] "POST /api/logMov/1/1 HTTP/1.1" 200 68 "-" "ESP8266HTTPClient"
::ffff:10.22.245.139 - - [17/Nov/2022:20:06:20 +0000] "POST /api/logDis/1/1/189.27/1009 HTTP/1.1" 404 166 "-" "ESP8266HTTPClient"
::ffff:10.22.245.139 - - [17/Nov/2022:20:06:54 +0000] "POST /api/logTemp/1/21.10 HTTP/1.1" 200 69 "-" "ESP8266HTTPClient"
::ffff:10.22.245.139 - - [17/Nov/2022:20:06:54 +0000] "POST /api/logHum/1/47.00 HTTP/1.1" 200 68 "-" "ESP8266HTTPClient"
::ffff:10.22.245.139 - - [17/Nov/2022:20:06:54 +0000] "POST /api/logMov/1/1 HTTP/1.1" 200 68 "-" "ESP8266HTTPClient"
::ffff:10.22.245.139 - - [17/Nov/2022:20:06:55 +0000] "POST /api/logDis/1/1/8.25/44 HTTP/1.1" 404 162 "-" "ESP8266HTTPClient"
::ffff:10.22.245.139 - - [17/Nov/2022:20:07:37 +0000] "POST /api/logTemp/1/21.10 HTTP/1.1" 200 69 "-" "ESP8266HTTPClient"
::ffff:10.22.245.139 - - [17/Nov/2022:20:07:37 +0000] "POST /api/logHum/1/47.00 HTTP/1.1" 200 68 "-" "ESP8266HTTPClient"
::ffff:10.22.245.139 - - [17/Nov/2022:20:07:39 +0000] "POST /api/logMov/1/1 HTTP/1.1" 200 68 "-" "ESP8266HTTPClient"
::ffff:10.22.245.139 - - [17/Nov/2022:20:07:39 +0000] "POST /api/logDis/1/1/1188.95/6341 HTTP/1.1" 404 167 "-" "ESP8266HTTPClient"
::ffff:10.22.245.139 - - [17/Nov/2022:20:08:33 +0000] "POST /api/logTemp/1/21.10 HTTP/1.1" 200 69 "-" "ESP8266HTTPClient"
::ffff:10.22.245.139 - - [17/Nov/2022:20:08:33 +0000] "POST /api/logHum/1/47.00 HTTP/1.1" 200 68 "-" "ESP8266HTTPClient"
::ffff:10.22.245.139 - - [17/Nov/2022:20:08:34 +0000] "POST /api/logMov/1/1 HTTP/1.1" 200 68 "-" "ESP8266HTTPClient"
::ffff:10.22.245.139 - - [17/Nov/2022:20:08:34 +0000] "POST /api/logDis/1/1/1188.93/6340 HTTP/1.1" 404 167 "-" "ESP8266HTTPClient"
::ffff:10.22.245.139 - - [17/Nov/2022:20:09:09 +0000] "POST /api/logTemp/1/21.10 HTTP/1.1" 200 69 "-" "ESP8266HTTPClient"
::ffff:10.22.245.139 - - [17/Nov/2022:20:09:12 +0000] "POST /api/logHum/1/47.00 HTTP/1.1" 200 68 "-" "ESP8266HTTPClient"
::ffff:10.22.245.139 - - [17/Nov/2022:20:09:12 +0000] "POST /api/logMov/1/1 HTTP/1.1" 200 68 "-" "ESP8266HTTPClient"
::ffff:10.22.245.139 - - [17/Nov/2022:20:09:14 +0000] "POST /api/logDis/1/1/1188.92/6340 HTTP/1.1" 404 167 "-" "ESP8266HTTPClient"
::ffff:10.22.245.139 - - [17/Nov/2022:20:09:46 +0000] "POST /api/logTemp/1/21.10 HTTP/1.1" 200 69 "-" "ESP8266HTTPClient"
::ffff:10.22.245.139 - - [17/Nov/2022:20:09:46 +0000] "POST /api/logHum/1/46.00 HTTP/1.1" 200 68 "-" "ESP8266HTTPClient"
::ffff:10.22.245.139 - - [17/Nov/2022:20:09:47 +0000] "POST /api/logMov/1/1 HTTP/1.1" 200 68 "-" "ESP8266HTTPClient"
::ffff:10.22.245.139 - - [17/Nov/2022:20:09:49 +0000] "POST /api/logDis/1/1/1189.12/6341 HTTP/1.1" 404 167 "-" "ESP8266HTTPClient"
::ffff:10.22.245.139 - - [17/Nov/2022:20:11:49 +0000] "POST /api/logTemp/1/21.10 HTTP/1.1" 200 69 "-" "ESP8266HTTPClient"
::ffff:10.22.245.139 - - [17/Nov/2022:20:11:49 +0000] "POST /api/logHum/1/47.00 HTTP/1.1" 200 68 "-" "ESP8266HTTPClient"
::ffff:10.22.245.139 - - [17/Nov/2022:20:11:52 +0000] "POST /api/logMov/1/1 HTTP/1.1" 200 68 "-" "ESP8266HTTPClient"
::ffff:10.22.245.139 - - [17/Nov/2022:20:11:52 +0000] "POST /api/logDis/1/1/1188.81/6340 HTTP/1.1" 404 167 "-" "ESP8266HTTPClient"
::ffff:10.22.245.139 - - [17/Nov/2022:20:12:25 +0000] "POST /api/logTemp/1/21.30 HTTP/1.1" 200 69 "-" "ESP8266HTTPClient"
::ffff:10.22.245.139 - - [17/Nov/2022:20:12:28 +0000] "POST /api/logHum/1/46.00 HTTP/1.1" 200 68 "-" "ESP8266HTTPClient"
::ffff:10.22.245.139 - - [17/Nov/2022:20:12:28 +0000] "POST /api/logMov/1/1 HTTP/1.1" 200 68 "-" "ESP8266HTTPClient"
::ffff:10.22.245.139 - - [17/Nov/2022:20:12:29 +0000] "POST /api/logDis/1/1/36.10/192 HTTP/1.1" 404 164 "-" "ESP8266HTTPClient"
::ffff:10.22.245.139 - - [17/Nov/2022:20:13:27 +0000] "POST /api/logTemp/1/21.30 HTTP/1.1" 200 69 "-" "ESP8266HTTPClient"
::ffff:10.22.245.139 - - [17/Nov/2022:20:13:27 +0000] "POST /api/logHum/1/46.00 HTTP/1.1" 200 68 "-" "ESP8266HTTPClient"
::ffff:10.22.245.139 - - [17/Nov/2022:20:13:27 +0000] "POST /api/logMov/1/1 HTTP/1.1" 200 68 "-" "ESP8266HTTPClient"
::ffff:10.22.245.139 - - [17/Nov/2022:20:13:29 +0000] "POST /api/logDis/1/1/1188.86/6340 HTTP/1.1" 404 167 "-" "ESP8266HTTPClient"
::ffff:10.22.245.139 - - [17/Nov/2022:20:14:02 +0000] "POST /api/logTemp/1/21.40 HTTP/1.1" 200 69 "-" "ESP8266HTTPClient"
::ffff:10.22.245.139 - - [17/Nov/2022:20:14:04 +0000] "POST /api/logHum/1/46.00 HTTP/1.1" 200 68 "-" "ESP8266HTTPClient"
::ffff:10.22.245.139 - - [17/Nov/2022:20:14:15 +0000] "POST /api/logDis/1/1/1188.83/6340 HTTP/1.1" 404 167 "-" "ESP8266HTTPClient"
::ffff:10.22.245.139 - - [17/Nov/2022:20:14:57 +0000] "POST /api/logTemp/1/21.40 HTTP/1.1" 200 69 "-" "ESP8266HTTPClient"
::ffff:10.22.245.139 - - [17/Nov/2022:20:15:00 +0000] "POST /api/logHum/1/46.00 HTTP/1.1" 200 68 "-" "ESP8266HTTPClient"
::ffff:10.22.245.139 - - [17/Nov/2022:20:15:01 +0000] "POST /api/logMov/1/1 HTTP/1.1" 200 68 "-" "ESP8266HTTPClient"
::ffff:10.22.245.139 - - [17/Nov/2022:20:15:38 +0000] "POST /api/logTemp/1/21.40 HTTP/1.1" 200 69 "-" "ESP8266HTTPClient"
::ffff:10.22.245.139 - - [17/Nov/2022:20:15:39 +0000] "POST /api/logHum/1/47.00 HTTP/1.1" 200 68 "-" "ESP8266HTTPClient"
::ffff:10.22.245.139 - - [17/Nov/2022:20:15:41 +0000] "POST /api/logMov/1/1 HTTP/1.1" 200 68 "-" "ESP8266HTTPClient"
::ffff:10.22.245.139 - - [17/Nov/2022:20:15:41 +0000] "POST /api/logDis/1/1/36.56/194 HTTP/1.1" 404 164 "-" "ESP8266HTTPClient"
::ffff:10.22.245.139 - - [17/Nov/2022:20:16:14 +0000] "POST /api/logTemp/1/21.50 HTTP/1.1" 200 69 "-" "ESP8266HTTPClient"
::ffff:10.22.245.139 - - [17/Nov/2022:20:16:14 +0000] "POST /api/logHum/1/47.00 HTTP/1.1" 200 68 "-" "ESP8266HTTPClient"
::ffff:10.22.245.139 - - [17/Nov/2022:20:16:14 +0000] "POST /api/logMov/1/1 HTTP/1.1" 200 68 "-" "ESP8266HTTPClient"
::ffff:10.22.245.139 - - [17/Nov/2022:20:16:16 +0000] "POST /api/logDis/1/1/1188.69/6339 HTTP/1.1" 404 167 "-" "ESP8266HTTPClient"
::ffff:10.22.245.139 - - [17/Nov/2022:20:16:49 +0000] "POST /api/logTemp/1/21.50 HTTP/1.1" 200 69 "-" "ESP8266HTTPClient"
::ffff:10.22.245.139 - - [17/Nov/2022:20:16:51 +0000] "POST /api/logHum/1/47.00 HTTP/1.1" 200 68 "-" "ESP8266HTTPClient"
::ffff:10.22.245.139 - - [17/Nov/2022:20:16:53 +0000] "POST /api/logMov/1/1 HTTP/1.1" 200 68 "-" "ESP8266HTTPClient"
::ffff:10.22.245.139 - - [17/Nov/2022:20:16:53 +0000] "POST /api/logDis/1/1/91.59/488 HTTP/1.1" 404 164 "-" "ESP8266HTTPClient"
::ffff:10.22.245.139 - - [17/Nov/2022:20:17:31 +0000] "POST /api/logHum/1/46.00 HTTP/1.1" 200 68 "-" "ESP8266HTTPClient"
::ffff:10.22.245.139 - - [17/Nov/2022:20:17:34 +0000] "POST /api/logMov/1/1 HTTP/1.1" 200 68 "-" "ESP8266HTTPClient"
::ffff:10.22.245.139 - - [17/Nov/2022:20:17:36 +0000] "POST /api/logDis/1/1/92.66/494 HTTP/1.1" 404 164 "-" "ESP8266HTTPClient"
::ffff:10.22.245.139 - - [17/Nov/2022:20:18:10 +0000] "POST /api/logTemp/1/21.70 HTTP/1.1" 200 69 "-" "ESP8266HTTPClient"
::ffff:10.22.245.139 - - [17/Nov/2022:20:18:11 +0000] "POST /api/logHum/1/47.00 HTTP/1.1" 200 68 "-" "ESP8266HTTPClient"
::ffff:10.22.245.139 - - [17/Nov/2022:20:18:11 +0000] "POST /api/logMov/1/1 HTTP/1.1" 200 68 "-" "ESP8266HTTPClient"
::ffff:10.22.245.139 - - [17/Nov/2022:20:18:11 +0000] "POST /api/logDis/1/1/36.56/194 HTTP/1.1" 404 164 "-" "ESP8266HTTPClient"
::ffff:10.22.245.139 - - [17/Nov/2022:20:18:47 +0000] "POST /api/logTemp/1/21.80 HTTP/1.1" 200 69 "-" "ESP8266HTTPClient"
::ffff:10.22.245.139 - - [17/Nov/2022:20:18:47 +0000] "POST /api/logHum/1/45.00 HTTP/1.1" 200 68 "-" "ESP8266HTTPClient"
::ffff:10.22.245.139 - - [17/Nov/2022:20:18:47 +0000] "POST /api/logMov/1/1 HTTP/1.1" 200 68 "-" "ESP8266HTTPClient"
::ffff:10.22.245.139 - - [17/Nov/2022:20:18:49 +0000] "POST /api/logDis/1/1/36.10/192 HTTP/1.1" 404 164 "-" "ESP8266HTTPClient"
::ffff:10.22.245.139 - - [17/Nov/2022:20:19:22 +0000] "POST /api/logTemp/1/21.70 HTTP/1.1" 200 69 "-" "ESP8266HTTPClient"
::ffff:10.22.245.139 - - [17/Nov/2022:20:19:26 +0000] "POST /api/logHum/1/45.00 HTTP/1.1" 200 68 "-" "ESP8266HTTPClient"
::ffff:10.22.245.139 - - [17/Nov/2022:20:19:26 +0000] "POST /api/logMov/1/1 HTTP/1.1" 200 68 "-" "ESP8266HTTPClient"
::ffff:10.22.245.139 - - [17/Nov/2022:20:19:26 +0000] "POST /api/logDis/1/1/35.64/190 HTTP/1.1" 404 164 "-" "ESP8266HTTPClient"
::ffff:10.22.245.139 - - [17/Nov/2022:20:19:59 +0000] "POST /api/logTemp/1/21.80 HTTP/1.1" 200 69 "-" "ESP8266HTTPClient"
::ffff:10.22.245.139 - - [17/Nov/2022:20:20:02 +0000] "POST /api/logHum/1/45.00 HTTP/1.1" 200 68 "-" "ESP8266HTTPClient"
::ffff:10.22.245.139 - - [17/Nov/2022:20:20:05 +0000] "POST /api/logMov/1/1 HTTP/1.1" 200 68 "-" "ESP8266HTTPClient"
::ffff:10.22.245.139 - - [17/Nov/2022:20:20:07 +0000] "POST /api/logDis/1/1/36.10/192 HTTP/1.1" 404 164 "-" "ESP8266HTTPClient"
::ffff:10.22.245.139 - - [17/Nov/2022:20:20:39 +0000] "POST /api/logTemp/1/21.70 HTTP/1.1" 200 69 "-" "ESP8266HTTPClient"
::ffff:10.22.245.139 - - [17/Nov/2022:20:20:39 +0000] "POST /api/logHum/1/45.00 HTTP/1.1" 200 68 "-" "ESP8266HTTPClient"
::ffff:10.22.245.139 - - [17/Nov/2022:20:20:45 +0000] "POST /api/logDis/1/1/1188.83/6340 HTTP/1.1" 404 167 "-" "ESP8266HTTPClient"
::ffff:10.22.245.139 - - [17/Nov/2022:21:40:34 +0000] "POST /api/logTemp/1/nan HTTP/1.1" 500 56 "-" "ESP8266HTTPClient"
::ffff:10.22.245.139 - - [17/Nov/2022:21:40:34 +0000] "POST /api/logHum/1/nan HTTP/1.1" 500 56 "-" "ESP8266HTTPClient"
::ffff:10.22.245.139 - - [17/Nov/2022:21:40:34 +0000] "POST /api/logMov/1/1 HTTP/1.1" 200 68 "-" "ESP8266HTTPClient"
::ffff:10.22.245.139 - - [17/Nov/2022:21:40:34 +0000] "POST /api/logDis/1/0/0.00/0 HTTP/1.1" 404 161 "-" "ESP8266HTTPClient"
::ffff:10.22.245.139 - - [17/Nov/2022:21:41:43 +0000] "POST /api/logTemp/1/nan HTTP/1.1" 500 56 "-" "ESP8266HTTPClient"
::ffff:10.22.245.139 - - [17/Nov/2022:21:41:43 +0000] "POST /api/logHum/1/nan HTTP/1.1" 500 56 "-" "ESP8266HTTPClient"
::ffff:10.22.245.139 - - [17/Nov/2022:21:41:43 +0000] "POST /api/logMov/1/1 HTTP/1.1" 200 68 "-" "ESP8266HTTPClient"
::ffff:10.22.245.139 - - [17/Nov/2022:21:41:43 +0000] "POST /api/logDis/1/0/0.00/0 HTTP/1.1" 404 161 "-" "ESP8266HTTPClient"
::ffff:10.22.245.139 - - [17/Nov/2022:21:44:48 +0000] "POST /api/logTemp/1/nan HTTP/1.1" 500 56 "-" "ESP8266HTTPClient"
::ffff:10.22.245.139 - - [17/Nov/2022:21:44:48 +0000] "POST /api/logHum/1/nan HTTP/1.1" 500 56 "-" "ESP8266HTTPClient"
::ffff:10.22.245.139 - - [17/Nov/2022:21:44:48 +0000] "POST /api/logMov/1/1 HTTP/1.1" 200 68 "-" "ESP8266HTTPClient"
::ffff:10.22.245.139 - - [17/Nov/2022:21:44:48 +0000] "POST /api/logDis/1/0/0.00/0 HTTP/1.1" 404 161 "-" "ESP8266HTTPClient"
::ffff:10.22.245.139 - - [17/Nov/2022:21:48:11 +0000] "POST /api/logTemp/1/nan HTTP/1.1" 500 56 "-" "ESP8266HTTPClient"
::ffff:10.22.245.139 - - [17/Nov/2022:21:48:11 +0000] "POST /api/logHum/1/nan HTTP/1.1" 500 56 "-" "ESP8266HTTPClient"
::ffff:10.22.245.139 - - [17/Nov/2022:21:48:11 +0000] "POST /api/logMov/1/1 HTTP/1.1" 200 68 "-" "ESP8266HTTPClient"
::ffff:10.22.245.139 - - [17/Nov/2022:21:48:11 +0000] "POST /api/logDis/1/0/0.00/0 HTTP/1.1" 404 161 "-" "ESP8266HTTPClient"
::ffff:10.22.245.139 - - [17/Nov/2022:21:49:05 +0000] "POST /api/logTemp/1/nan HTTP/1.1" 500 56 "-" "ESP8266HTTPClient"
::ffff:10.22.245.139 - - [17/Nov/2022:21:49:05 +0000] "POST /api/logHum/1/nan HTTP/1.1" 500 56 "-" "ESP8266HTTPClient"
::ffff:10.22.245.139 - - [17/Nov/2022:21:49:05 +0000] "POST /api/logMov/1/1 HTTP/1.1" 200 68 "-" "ESP8266HTTPClient"
::ffff:10.22.245.139 - - [17/Nov/2022:21:49:06 +0000] "POST /api/logDis/1/0/0.00/0 HTTP/1.1" 404 161 "-" "ESP8266HTTPClient"
::ffff:10.22.245.139 - - [17/Nov/2022:21:49:39 +0000] "POST /api/logTemp/1/nan HTTP/1.1" 500 56 "-" "ESP8266HTTPClient"
::ffff:10.22.245.139 - - [17/Nov/2022:21:49:39 +0000] "POST /api/logHum/1/nan HTTP/1.1" 500 56 "-" "ESP8266HTTPClient"
::ffff:10.22.245.139 - - [17/Nov/2022:21:49:39 +0000] "POST /api/logMov/1/1 HTTP/1.1" 200 68 "-" "ESP8266HTTPClient"
::ffff:10.22.245.139 - - [17/Nov/2022:21:49:39 +0000] "POST /api/logDis/1/0/0.00/0 HTTP/1.1" 404 161 "-" "ESP8266HTTPClient"
::ffff:10.22.245.139 - - [17/Nov/2022:22:48:38 +0000] "POST /api/logTemp/1/23.50 HTTP/1.1" 200 69 "-" "ESP8266HTTPClient"
::ffff:10.22.245.139 - - [17/Nov/2022:22:48:38 +0000] "POST /api/logHum/1/55.00 HTTP/1.1" 200 68 "-" "ESP8266HTTPClient"
::ffff:10.22.245.139 - - [17/Nov/2022:22:48:38 +0000] "POST /api/logMov/1/1 HTTP/1.1" 200 68 "-" "ESP8266HTTPClient"
::ffff:10.22.245.139 - - [17/Nov/2022:22:48:38 +0000] "POST /api/logDis/1/1/34.93/186 HTTP/1.1" 404 164 "-" "ESP8266HTTPClient"
::ffff:10.22.245.139 - - [17/Nov/2022:23:25:06 +0000] "POST /api/logTemp/1/22.70 HTTP/1.1" 200 69 "-" "ESP8266HTTPClient"
::ffff:10.22.245.139 - - [17/Nov/2022:23:25:07 +0000] "POST /api/logHum/1/51.00 HTTP/1.1" 200 68 "-" "ESP8266HTTPClient"
::ffff:10.22.245.139 - - [17/Nov/2022:23:25:07 +0000] "POST /api/logMov/1/1 HTTP/1.1" 200 68 "-" "ESP8266HTTPClient"
::ffff:10.22.245.139 - - [17/Nov/2022:23:25:07 +0000] "POST /api/logDis/1/1/1188.17/6336 HTTP/1.1" 404 167 "-" "ESP8266HTTPClient"
::ffff:10.22.245.139 - - [17/Nov/2022:23:25:44 +0000] "POST /api/logTemp/1/22.80 HTTP/1.1" 200 69 "-" "ESP8266HTTPClient"
::ffff:10.22.245.139 - - [17/Nov/2022:23:25:44 +0000] "POST /api/logHum/1/50.00 HTTP/1.1" 200 68 "-" "ESP8266HTTPClient"
::ffff:10.22.245.139 - - [17/Nov/2022:23:25:44 +0000] "POST /api/logMov/1/1 HTTP/1.1" 200 68 "-" "ESP8266HTTPClient"
::ffff:10.22.245.139 - - [17/Nov/2022:23:25:44 +0000] "POST /api/logDis/1/1/36.32/193 HTTP/1.1" 404 164 "-" "ESP8266HTTPClient"
::ffff:10.22.245.139 - - [17/Nov/2022:23:32:08 +0000] "POST /api/logTemp/1/23.20 HTTP/1.1" 200 69 "-" "ESP8266HTTPClient"
::ffff:10.22.245.139 - - [17/Nov/2022:23:32:08 +0000] "POST /api/logHum/1/55.00 HTTP/1.1" 200 68 "-" "ESP8266HTTPClient"
::ffff:10.22.245.139 - - [17/Nov/2022:23:32:08 +0000] "POST /api/logMov/1/1 HTTP/1.1" 200 68 "-" "ESP8266HTTPClient"
::ffff:10.22.245.139 - - [17/Nov/2022:23:32:08 +0000] "POST /api/logDis/1/1/15.69/83 HTTP/1.1" 200 68 "-" "ESP8266HTTPClient"
::ffff:10.22.245.139 - - [17/Nov/2022:23:32:44 +0000] "POST /api/logTemp/1/23.30 HTTP/1.1" 200 69 "-" "ESP8266HTTPClient"
::ffff:10.22.245.139 - - [17/Nov/2022:23:32:44 +0000] "POST /api/logHum/1/54.00 HTTP/1.1" 200 68 "-" "ESP8266HTTPClient"
::ffff:10.22.245.139 - - [17/Nov/2022:23:32:44 +0000] "POST /api/logMov/1/1 HTTP/1.1" 200 68 "-" "ESP8266HTTPClient"
::ffff:10.22.245.139 - - [17/Nov/2022:23:32:45 +0000] "POST /api/logDis/1/1/15.69/83 HTTP/1.1" 200 68 "-" "ESP8266HTTPClient"
::ffff:127.0.0.1 - - [17/Nov/2022:23:33:48 +0000] "GET /api/getLogsDis/1 HTTP/1.1" 200 636 "-" "Mozilla/5.0 (Windows NT 10.0; Win64; x64; rv:107.0) Gecko/20100101 Firefox/107.0"
::ffff:127.0.0.1 - - [18/Nov/2022:00:51:36 +0000] "GET /api/getLogsDis/1 HTTP/1.1" 200 636 "-" "Mozilla/5.0 (Windows NT 10.0; Win64; x64; rv:107.0) Gecko/20100101 Firefox/107.0"
::ffff:127.0.0.1 - - [18/Nov/2022:00:51:46 +0000] "GET /api/getLogsMov/1 HTTP/1.1" 200 2813 "-" "Mozilla/5.0 (Windows NT 10.0; Win64; x64; rv:107.0) Gecko/20100101 Firefox/107.0"
::ffff:10.22.245.139 - - [18/Nov/2022:00:52:45 +0000] "POST /api/logTemp/1/24.20 HTTP/1.1" 200 69 "-" "ESP8266HTTPClient"
::ffff:10.22.245.139 - - [18/Nov/2022:00:52:45 +0000] "POST /api/logHum/1/60.00 HTTP/1.1" 200 68 "-" "ESP8266HTTPClient"
::ffff:10.22.245.139 - - [18/Nov/2022:00:52:45 +0000] "POST /api/logMov/1/1 HTTP/1.1" 200 68 "-" "ESP8266HTTPClient"
::ffff:10.22.245.139 - - [18/Nov/2022:00:52:45 +0000] "POST /api/logDis/1/1/14.12/75 HTTP/1.1" 200 68 "-" "ESP8266HTTPClient"
::ffff:10.22.245.139 - - [18/Nov/2022:00:56:02 +0000] "POST /api/logTemp/1/23.50 HTTP/1.1" 200 69 "-" "ESP8266HTTPClient"
::ffff:10.22.245.139 - - [18/Nov/2022:00:56:02 +0000] "POST /api/logHum/1/62.00 HTTP/1.1" 200 68 "-" "ESP8266HTTPClient"
::ffff:10.22.245.139 - - [18/Nov/2022:00:56:02 +0000] "POST /api/logMov/1/1 HTTP/1.1" 200 68 "-" "ESP8266HTTPClient"
::ffff:10.22.245.139 - - [18/Nov/2022:00:56:02 +0000] "POST /api/logDis/1/1/10.58/56 HTTP/1.1" 200 68 "-" "ESP8266HTTPClient"
::ffff:127.0.0.1 - - [18/Nov/2022:00:56:16 +0000] "GET /api/getLogsMov/1 HTTP/1.1" 200 2961 "-" "Mozilla/5.0 (Windows NT 10.0; Win64; x64; rv:107.0) Gecko/20100101 Firefox/107.0"
::ffff:127.0.0.1 - - [18/Nov/2022:00:56:25 +0000] "GET /api/getLogsDis/1 HTTP/1.1" 200 890 "-" "Mozilla/5.0 (Windows NT 10.0; Win64; x64; rv:107.0) Gecko/20100101 Firefox/107.0"
::ffff:10.22.245.139 - - [18/Nov/2022:00:56:35 +0000] "POST /api/logTemp/1/23.40 HTTP/1.1" 200 69 "-" "ESP8266HTTPClient"
::ffff:10.22.245.139 - - [18/Nov/2022:00:56:35 +0000] "POST /api/logHum/1/62.00 HTTP/1.1" 200 68 "-" "ESP8266HTTPClient"
::ffff:10.22.245.139 - - [18/Nov/2022:00:56:35 +0000] "POST /api/logMov/1/1 HTTP/1.1" 200 68 "-" "ESP8266HTTPClient"
::ffff:10.22.245.139 - - [18/Nov/2022:00:56:35 +0000] "POST /api/logDis/1/1/28.63/152 HTTP/1.1" 200 68 "-" "ESP8266HTTPClient"
::ffff:127.0.0.1 - - [27/Nov/2022:01:05:11 +0000] "GET / HTTP/1.1" 200 53 "-" "Mozilla/5.0 (Windows NT 10.0; Win64; x64; rv:107.0) Gecko/20100101 Firefox/107.0"
::ffff:127.0.0.1 - - [27/Nov/2022:01:05:11 +0000] "GET /favicon.ico HTTP/1.1" 404 150 "http://localhost:3000/" "Mozilla/5.0 (Windows NT 10.0; Win64; x64; rv:107.0) Gecko/20100101 Firefox/107.0"
::ffff:127.0.0.1 - - [27/Nov/2022:01:05:22 +0000] "GET /api/getLogsDis/1 HTTP/1.1" 200 1018 "-" "Mozilla/5.0 (Windows NT 10.0; Win64; x64; rv:107.0) Gecko/20100101 Firefox/107.0"
::ffff:127.0.0.1 - - [27/Nov/2022:01:10:32 +0000] "GET /api/getLogsDis/1 HTTP/1.1" 304 - "-" "Mozilla/5.0 (Windows NT 10.0; Win64; x64; rv:107.0) Gecko/20100101 Firefox/107.0"
::ffff:192.168.1.249 - - [27/Nov/2022:01:14:31 +0000] "POST /api/logHum/1/67.00 HTTP/1.1" 200 68 "-" "ESP8266HTTPClient"
::ffff:192.168.1.249 - - [27/Nov/2022:01:14:31 +0000] "POST /api/logMov/1/1 HTTP/1.1" 200 68 "-" "ESP8266HTTPClient"
::ffff:192.168.1.249 - - [27/Nov/2022:01:14:31 +0000] "POST /api/logDis/1/1/8.41/44 HTTP/1.1" 200 68 "-" "ESP8266HTTPClient"
::ffff:127.0.0.1 - - [27/Nov/2022:01:14:36 +0000] "GET /api/getLogsDis/1 HTTP/1.1" 200 1144 "-" "Mozilla/5.0 (Windows NT 10.0; Win64; x64; rv:107.0) Gecko/20100101 Firefox/107.0"
::ffff:127.0.0.1 - - [27/Nov/2022:01:16:14 +0000] "GET /api/getLogsDis/1 HTTP/1.1" 304 - "-" "Mozilla/5.0 (Windows NT 10.0; Win64; x64; rv:107.0) Gecko/20100101 Firefox/107.0"
::ffff:127.0.0.1 - - [27/Nov/2022:01:16:24 +0000] "GET /api/getLogsDis/1 HTTP/1.1" 304 - "-" "Mozilla/5.0 (Windows NT 10.0; Win64; x64; rv:107.0) Gecko/20100101 Firefox/107.0"
::ffff:127.0.0.1 - - [27/Nov/2022:01:16:25 +0000] "GET /api/getLogsDis/1 HTTP/1.1" 304 - "-" "Mozilla/5.0 (Windows NT 10.0; Win64; x64; rv:107.0) Gecko/20100101 Firefox/107.0"
::ffff:127.0.0.1 - - [27/Nov/2022:01:16:26 +0000] "GET /api/getLogsDis/1 HTTP/1.1" 304 - "-" "Mozilla/5.0 (Windows NT 10.0; Win64; x64; rv:107.0) Gecko/20100101 Firefox/107.0"
::ffff:192.168.1.249 - - [27/Nov/2022:01:16:26 +0000] "POST /api/logHum/1/67.00 HTTP/1.1" 200 68 "-" "ESP8266HTTPClient"
::ffff:192.168.1.249 - - [27/Nov/2022:01:16:26 +0000] "POST /api/logMov/1/1 HTTP/1.1" 200 68 "-" "ESP8266HTTPClient"
::ffff:192.168.1.249 - - [27/Nov/2022:01:16:26 +0000] "POST /api/logDis/1/1/9.85/52 HTTP/1.1" 200 68 "-" "ESP8266HTTPClient"
::ffff:127.0.0.1 - - [27/Nov/2022:01:16:27 +0000] "GET /api/getLogsDis/1 HTTP/1.1" 200 1271 "-" "Mozilla/5.0 (Windows NT 10.0; Win64; x64; rv:107.0) Gecko/20100101 Firefox/107.0"
::ffff:127.0.0.1 - - [27/Nov/2022:01:16:45 +0000] "GET /api/getLogsTemp/1 HTTP/1.1" 200 3735 "-" "Mozilla/5.0 (Windows NT 10.0; Win64; x64; rv:107.0) Gecko/20100101 Firefox/107.0"
::ffff:127.0.0.1 - - [27/Nov/2022:01:17:07 +0000] "GET /api/getLogsHum/1 HTTP/1.1" 200 2927 "-" "Mozilla/5.0 (Windows NT 10.0; Win64; x64; rv:107.0) Gecko/20100101 Firefox/107.0"
::ffff:192.168.1.249 - - [27/Nov/2022:01:19:10 +0000] "POST /api/logHum/1/65.00 HTTP/1.1" 200 68 "-" "ESP8266HTTPClient"
::ffff:192.168.1.249 - - [27/Nov/2022:01:19:10 +0000] "POST /api/logMov/1/1 HTTP/1.1" 200 68 "-" "ESP8266HTTPClient"
::ffff:192.168.1.249 - - [27/Nov/2022:01:19:10 +0000] "POST /api/logDis/1/1/52.73/281 HTTP/1.1" 200 68 "-" "ESP8266HTTPClient"
::ffff:127.0.0.1 - - [27/Nov/2022:01:19:10 +0000] "GET /api/getLogsHum/1 HTTP/1.1" 200 3002 "-" "Mozilla/5.0 (Windows NT 10.0; Win64; x64; rv:107.0) Gecko/20100101 Firefox/107.0"
::ffff:192.168.1.249 - - [27/Nov/2022:01:19:43 +0000] "POST /api/logTemp/1/23.20 HTTP/1.1" 200 69 "-" "ESP8266HTTPClient"
::ffff:192.168.1.249 - - [27/Nov/2022:01:19:43 +0000] "POST /api/logHum/1/65.00 HTTP/1.1" 200 68 "-" "ESP8266HTTPClient"
::ffff:192.168.1.249 - - [27/Nov/2022:01:19:43 +0000] "POST /api/logMov/1/1 HTTP/1.1" 200 68 "-" "ESP8266HTTPClient"
